// Jest Snapshot v1, https://goo.gl/fbAQLP

exports[`Footer should match snapshot of Footer 1`] = `
<div
  className="footer"
>
  <h4>
    Â© Amit Kumar 2021
  </h4>
</div>
`;
