// Jest Snapshot v1, https://goo.gl/fbAQLP

exports[`Header should match snapshot of Header 1`] = `
<div
  className="makeStyles-root-1"
>
  <header
    className="MuiPaper-root MuiAppBar-root MuiAppBar-positionStatic MuiAppBar-colorPrimary MuiPaper-elevation4"
  >
    <div
      className="MuiToolbar-root MuiToolbar-regular MuiToolbar-gutters"
    >
      <h4
        className="MuiTypography-root makeStyles-title-2 MuiTypography-h4 MuiTypography-noWrap"
      >
        Poemency
      </h4>
      <div
        className="makeStyles-search-3"
      >
        <div
          className="makeStyles-searchIcon-4"
        >
          <svg
            aria-hidden={true}
            className="MuiSvgIcon-root"
            focusable="false"
            viewBox="0 0 24 24"
          >
            <path
              d="M15.5 14h-.79l-.28-.27C15.41 12.59 16 11.11 16 9.5 16 5.91 13.09 3 9.5 3S3 5.91 3 9.5 5.91 16 9.5 16c1.61 0 3.09-.59 4.23-1.57l.27.28v.79l5 4.99L20.49 19l-4.99-5zm-6 0C7.01 14 5 11.99 5 9.5S7.01 5 9.5 5 14 7.01 14 9.5 11.99 14 9.5 14z"
            />
          </svg>
        </div>
        <form
          onSubmit={[Function]}
        >
          <div
            className="MuiInputBase-root makeStyles-inputRoot-5"
            onClick={[Function]}
          >
            <input
              aria-label="search"
              className="MuiInputBase-input makeStyles-inputInput-6"
              onAnimationStart={[Function]}
              onBlur={[Function]}
              onChange={[Function]}
              onFocus={[Function]}
              placeholder="Search by title..."
              type="text"
              value=""
            />
          </div>
        </form>
      </div>
    </div>
  </header>
</div>
`;
